
###
h : 0.0392156862745098
len(x) : 7
Traceback (most recent call last):
  File "diffusion.py", line 17, in <module>
    [V1,x,t] = ftcs(L,N,global_x,tau,D,S,v0,name="out_DS0.txt");
  File "/home/m2132500/Diffusion_Project_Nm2b/to_send/test/ftcs.py", line 69, in ftcs
    comm.Scatter(global_x, x, root = 0)
  File "mpi4py/MPI/Comm.pyx", line 613, in mpi4py.MPI.Comm.Scatter
  File "mpi4py/MPI/msgbuffer.pxi", line 538, in mpi4py.MPI._p_msg_cco.for_scatter
  File "mpi4py/MPI/msgbuffer.pxi", line 436, in mpi4py.MPI._p_msg_cco.for_cco_send
  File "mpi4py/MPI/msgbuffer.pxi", line 203, in mpi4py.MPI.message_simple
ValueError: message: cannot infer count, number of entries 255 is not a multiple of required number of blocks 32
